SocketCL init
WTD: server not connected
PLC connected
startOPC
client connected to server
SQLRelease:connection not found
client Front End connected
check DB
DB empty tube 1
DB empty tube 2
DB empty tube 3
DB empty tube 4
data NOT need send
reset flags
